src/components/theme-provider.tsx(5,41): error TS2307: Cannot find module 'next-themes/dist/types' or its corresponding type declarations.
src/components/ui/calendar.tsx(56,9): error TS2353: Object literal may only specify known properties, and 'IconLeft' does not exist in type 'Partial<CustomComponents>'.
src/components/ui/date-range-picker.tsx(63,17): error TS2322: Type '"dropdown-buttons"' is not assignable to type '"label" | "dropdown" | "dropdown-months" | "dropdown-years" | undefined'.
